
> nextjs@0.1.0 build
> next build

   Creating an optimized production build...
node.exe : Browserslist: caniuse-lite is outdated. Please run:
At line:1 char:1
+ & "C:\Program Files\nodejs/node.exe" "C:\Program Files\nodejs/node_mo ...
+ ~~~~~~~~~~~~~~~~~~~~~~~~~~~~~~~~~~~~~~~~~~~~~~~~~~~~~~~~~~~~~~~~~~~~~
    + CategoryInfo          : NotSpecified: (Browserslist: c...ed. Please run::String) [], RemoteException
    + FullyQualifiedErrorId : NativeCommandError
 
  npx update-browserslist-db@latest
  Why you should do it regularly: https://github.com/browserslist/update-db#readme
 ΓÜá Compiled with warnings

./node_modules/@protobufjs/inquire/index.js
Critical dependency: the request of a dependency is an expression

Import trace for requested module:
./node_modules/@protobufjs/inquire/index.js
./node_modules/protobufjs/src/util/minimal.js
./node_modules/protobufjs/src/index-minimal.js
./node_modules/protobufjs/src/index-light.js
./node_modules/protobufjs/src/index.js
./node_modules/protobufjs/index.js
./node_modules/@grpc/proto-loader/build/src/index.js
./node_modules/@firebase/firestore/dist/index.node.mjs
./node_modules/firebase/firestore/dist/index.mjs
./app/dashboard/master/vendors/page.tsx

   Skipping linting
   Checking validity of types...
   Collecting page data...
   Generating static pages (0/312)...

   Generating static pages (78/312)


   Generating static pages (156/312)


   Generating static pages (234/312)


 Γ£ô Generating static pages (312/312)
   Finalizing page optimization...

Route (app)                                     Size     First Load JS
Γöî Γùï /                                           897 B          81.8 kB
Γö£ Γùï /_not-found                                 0 B                0 B
Γö£ Γùï /admin                                      327 B           360 kB
Γö£ ╬╗ /admin/[slug]                               603 B          81.5 kB
Γö£ Γùï /admin/approval-matrix                      5.39 kB         281 kB
Γö£ ╬╗ /admin/approval-matrix/[id]                 6.57 kB         238 kB
Γö£ ╬╗ /admin/approval-matrix/[id]/edit            2.32 kB         316 kB
Γö£ Γùï /admin/approval-matrix/create               1.41 kB         312 kB
Γö£ Γùï /admin/audit-trail                          7.3 kB          387 kB
Γö£ ╬╗ /admin/audit-trail/[id]                     9.37 kB         238 kB
Γö£ Γùï /admin/backup                               8.96 kB         392 kB
Γö£ ╬╗ /admin/backup/[id]                          4.58 kB         249 kB
Γö£ Γùï /admin/backup/create                        5.24 kB         308 kB
Γö£ Γùï /admin/backup/history                       4 kB            255 kB
Γö£ Γùï /admin/backup/restore                       9.34 kB         319 kB
Γö£ Γùï /admin/batches                              8.33 kB         282 kB
Γö£ ╬╗ /admin/batches/[id]                         5.78 kB         249 kB
Γö£ ╬╗ /admin/batches/[id]/edit                    2.26 kB         311 kB
Γö£ Γùï /admin/batches/create                       1.27 kB         307 kB
Γö£ Γùï /admin/company-site                         7.42 kB         278 kB
Γö£ ╬╗ /admin/company-site/[id]                    8.27 kB         259 kB
Γö£ ╬╗ /admin/company-site/[id]/edit               3.04 kB         309 kB
Γö£ Γùï /admin/company-site/create                  1.31 kB         304 kB
Γö£ Γùï /admin/departments                          4.06 kB         279 kB
Γö£ ╬╗ /admin/departments/[id]                     2.67 kB         277 kB
Γö£ ╬╗ /admin/departments/[id]/edit                2.67 kB         306 kB
Γö£ Γùï /admin/departments/create                   1.18 kB         302 kB
Γö£ Γùï /admin/designations                         5.97 kB         280 kB
Γö£ ╬╗ /admin/designations/[id]                    3.69 kB         239 kB
Γö£ ╬╗ /admin/designations/[id]/edit               2.73 kB         309 kB
Γö£ Γùï /admin/designations/create                  1.17 kB         304 kB
Γö£ Γùï /admin/document-numbering                   8.7 kB          280 kB
Γö£ ╬╗ /admin/document-numbering/[id]              9.64 kB         260 kB
Γö£ ╬╗ /admin/document-numbering/[id]/edit         1.63 kB         314 kB
Γö£ Γùï /admin/document-numbering/create            1.09 kB         313 kB
Γö£ Γùï /admin/esign-settings                       8.71 kB         280 kB
Γö£ ╬╗ /admin/esign-settings/[id]                  11.9 kB         263 kB
Γö£ ╬╗ /admin/esign-settings/[id]/edit             1.49 kB         304 kB
Γö£ Γùï /admin/esign-settings/create                879 B           304 kB
Γö£ Γùï /admin/notifications                        8.62 kB         280 kB
Γö£ ╬╗ /admin/notifications/[id]                   8.61 kB         259 kB
Γö£ ╬╗ /admin/notifications/[id]/edit              1.61 kB         309 kB
Γö£ Γùï /admin/notifications/create                 1.02 kB         308 kB
Γö£ Γùï /admin/parameters                           8.2 kB          280 kB
Γö£ ╬╗ /admin/parameters/[id]                      4.98 kB         238 kB
Γö£ ╬╗ /admin/parameters/[id]/edit                 2.2 kB          312 kB
Γö£ Γùï /admin/parameters/create                    1.29 kB         308 kB
Γö£ Γùï /admin/products                             5.85 kB         279 kB
Γö£ ╬╗ /admin/products/[id]                        4.09 kB         276 kB
Γö£ ╬╗ /admin/products/[id]/edit                   2.96 kB         310 kB
Γö£ Γùï /admin/products/create                      1.19 kB         305 kB
Γö£ Γùï /admin/roles                                6.46 kB         277 kB
Γö£ ╬╗ /admin/roles/[id]                           8.46 kB         240 kB
Γö£ ╬╗ /admin/roles/[id]/edit                      1.42 kB         308 kB
Γö£ Γùï /admin/roles/create                         1.06 kB         308 kB
Γö£ Γùï /admin/system-settings                      603 B          81.5 kB
Γö£ Γùï /admin/system-settings/file-upload          211 B           293 kB
Γö£ Γùï /admin/system-settings/firebase             212 B           293 kB
Γö£ Γùï /admin/system-settings/general              211 B           293 kB
Γö£ Γùï /admin/system-settings/logs                 211 B           293 kB
Γö£ Γùï /admin/system-settings/maintenance          212 B           293 kB
Γö£ Γùï /admin/system-settings/password-policy      210 B           293 kB
Γö£ Γùï /admin/system-settings/security             211 B           293 kB
Γö£ Γùï /admin/system-settings/session              211 B           293 kB
Γö£ Γùï /admin/system-settings/theme                212 B           293 kB
Γö£ Γùï /admin/users                                7.82 kB         282 kB
Γö£ ╬╗ /admin/users/[id]                           4.71 kB         240 kB
Γö£ ╬╗ /admin/users/[id]/edit                      1.05 kB         306 kB
Γö£ Γùï /admin/users/create                         946 B           306 kB
Γö£ Γùï /admin/workflows                            3.54 kB         281 kB
Γö£ ╬╗ /admin/workflows/[id]                       5.25 kB         239 kB
Γö£ ╬╗ /admin/workflows/[id]/edit                  2.44 kB         313 kB
Γö£ Γùï /admin/workflows/create                     1.27 kB         309 kB
Γö£ Γùï /apple-icon.png                             0 B                0 B
Γö£ Γùï /auth/forgot-password                       5.98 kB         132 kB
Γö£ Γùï /auth/login                                 4.72 kB         254 kB
Γö£ Γùï /auth/signup                                3.17 kB         280 kB
Γö£ ╬╗ /cpv                                        1.94 kB        90.1 kB
Γö£ ╬╗ /cpv/ai-analytics                           214 B           405 kB
Γö£ ╬╗ /cpv/alert-engine                           251 B           533 kB
Γö£ ╬╗ /cpv/alert-engine/[id]                      6.03 kB         388 kB
Γö£ ╬╗ /cpv/alerts                                 252 B           533 kB
Γö£ ╬╗ /cpv/annual-review                          23 kB           521 kB
Γö£ ╬╗ /cpv/annual-review/[id]                     4.85 kB         489 kB
Γö£ Γùï /cpv/batch-registration                     6.53 kB         323 kB
Γö£ ╬╗ /cpv/batch-registration/[id]                4.81 kB         321 kB
Γö£ Γùï /cpv/batches                                603 B          81.5 kB
Γö£ ╬╗ /cpv/configuration                          208 B           306 kB
Γö£ ╬╗ /cpv/control-charts                         243 B           483 kB
Γö£ ╬╗ /cpv/control-charts/[id]                    4.46 kB         432 kB
Γö£ ╬╗ /cpv/cpp                                    22.4 kB         429 kB
Γö£ ╬╗ /cpv/cpp/[id]                               9.55 kB         376 kB
Γö£ ╬╗ /cpv/cqa                                    23.4 kB         430 kB
Γö£ ╬╗ /cpv/cqa/[id]                               10.1 kB         377 kB
Γö£ Γùï /cpv/dashboard                              1.94 kB        90.1 kB
Γö£ Γùï /cpv/environmental                          603 B          81.5 kB
Γö£ ╬╗ /cpv/environmental-monitoring               18 kB           440 kB
Γö£ ╬╗ /cpv/environmental-monitoring/[id]          5.89 kB         388 kB
Γö£ Γùï /cpv/hold-time                              603 B          81.5 kB
Γö£ ╬╗ /cpv/hold-time-monitoring                   21.5 kB         428 kB
Γö£ ╬╗ /cpv/hold-time-monitoring/[id]              10 kB           377 kB
Γö£ ╬╗ /cpv/packing-material-monitoring            14.8 kB         442 kB
Γö£ ╬╗ /cpv/packing-material-monitoring/[id]       6.31 kB         323 kB
Γö£ Γùï /cpv/packing-materials                      603 B          81.5 kB
Γö£ ╬╗ /cpv/predictive-analytics                   214 B           405 kB
Γö£ ╬╗ /cpv/process-capability                     11.3 kB         445 kB
Γö£ ╬╗ /cpv/process-capability/[id]                5.48 kB         393 kB
Γö£ Γùï /cpv/product-master                         7.78 kB         315 kB
Γö£ ╬╗ /cpv/product-master/[id]                    9.41 kB         314 kB
Γö£ Γùï /cpv/products                               603 B          81.5 kB
Γö£ ╬╗ /cpv/raw-material-monitoring                18.4 kB         440 kB
Γö£ ╬╗ /cpv/raw-material-monitoring/[id]           11.3 kB         320 kB
Γö£ Γùï /cpv/raw-materials                          603 B          81.5 kB
Γö£ ╬╗ /cpv/reports                                248 B           523 kB
Γö£ ╬╗ /cpv/reports-analytics                      249 B           523 kB
Γö£ ╬╗ /cpv/reports-analytics/[id]                 3.76 kB         491 kB
Γö£ ╬╗ /cpv/risk-assessment                        16 kB           435 kB
Γö£ ╬╗ /cpv/risk-assessment/[id]                   9.89 kB         302 kB
Γö£ ╬╗ /cpv/settings                               208 B           306 kB
Γö£ Γùï /cpv/stability                              602 B          81.5 kB
Γö£ ╬╗ /cpv/stability-monitoring                   18.9 kB         433 kB
Γö£ ╬╗ /cpv/stability-monitoring/[id]              7.74 kB         390 kB
Γö£ ╬╗ /cpv/statistical-process-control            243 B           483 kB
Γö£ ╬╗ /cpv/statistical-process-control/[id]       603 B          81.5 kB
Γö£ ╬╗ /cpv/trend-analysis                         24.5 kB         502 kB
Γö£ ╬╗ /cpv/trend-analysis/[id]                    4.51 kB         453 kB
Γö£ Γùï /cpv/trends                                 603 B          81.5 kB
Γö£ Γùï /cpv/utility                                603 B          81.5 kB
Γö£ ╬╗ /cpv/utility-monitoring                     26.9 kB         440 kB
Γö£ ╬╗ /cpv/utility-monitoring/[id]                11.3 kB         389 kB
Γö£ Γùï /cpv/yield                                  603 B          81.5 kB
Γö£ ╬╗ /cpv/yield-monitoring                       12.4 kB         430 kB
Γö£ ╬╗ /cpv/yield-monitoring/[id]                  4.99 kB         377 kB
Γö£ Γùï /dashboard                                  7.41 kB         210 kB
Γö£ Γùï /dashboard/admin                            340 B           360 kB
Γö£ Γùï /dashboard/admin/approval-matrix            604 B          81.5 kB
Γö£ Γùï /dashboard/admin/audit-trail                604 B          81.5 kB
Γö£ Γùï /dashboard/admin/backup                     603 B          81.5 kB
Γö£ Γùï /dashboard/admin/batches                    603 B          81.5 kB
Γö£ Γùï /dashboard/admin/company-sites              603 B          81.5 kB
Γö£ Γùï /dashboard/admin/data-backup-log            603 B          81.5 kB
Γö£ Γùï /dashboard/admin/departments                602 B          81.5 kB
Γö£ Γùï /dashboard/admin/designations               603 B          81.5 kB
Γö£ Γùï /dashboard/admin/document-numbering         603 B          81.5 kB
Γö£ Γùï /dashboard/admin/email-sms-templates        812 B           309 kB
Γö£ Γùï /dashboard/admin/esign-settings             602 B          81.5 kB
Γö£ Γùï /dashboard/admin/firebase-status            7.02 kB         227 kB
Γö£ Γùï /dashboard/admin/login-activity             863 B           309 kB
Γö£ Γùï /dashboard/admin/master-data-import-export  2.8 kB          311 kB
Γö£ Γùï /dashboard/admin/module-configuration       808 B           309 kB
Γö£ Γùï /dashboard/admin/notifications              603 B          81.5 kB
Γö£ Γùï /dashboard/admin/parameters                 603 B          81.5 kB
Γö£ Γùï /dashboard/admin/password-policy            603 B          81.5 kB
Γö£ Γùï /dashboard/admin/products                   603 B          81.5 kB
Γö£ Γùï /dashboard/admin/roles                      603 B          81.5 kB
Γö£ Γùï /dashboard/admin/system-health              5.55 kB         256 kB
Γö£ Γùï /dashboard/admin/system-settings            602 B          81.5 kB
Γö£ Γùï /dashboard/admin/user-access-review         878 B           309 kB
Γö£ Γùï /dashboard/admin/users                      603 B          81.5 kB
Γö£ Γùï /dashboard/admin/workflows                  603 B          81.5 kB
Γö£ Γùï /dashboard/ai-analytics                     5.57 kB        93.7 kB
Γö£ Γùï /dashboard/audit-trail                      4.2 kB         92.4 kB
Γö£ Γùï /dashboard/batches                          6.57 kB        94.7 kB
Γö£ Γùï /dashboard/capa                             603 B          81.5 kB
Γö£ Γùï /dashboard/change-control                   603 B          81.5 kB
Γö£ Γùï /dashboard/complaints                       603 B          81.5 kB
Γö£ Γùï /dashboard/deviations                       604 B          81.5 kB
Γö£ Γùï /dashboard/documents                        604 B          81.5 kB
Γö£ Γùï /dashboard/equipment                        603 B          81.5 kB
Γö£ Γùï /dashboard/master/abbreviations             9.69 kB         166 kB
Γö£ Γùï /dashboard/master/materials                 4.91 kB         243 kB
Γö£ Γùï /dashboard/master/product                   3.01 kB         187 kB
Γö£ Γùï /dashboard/master/vendors                   5.1 kB          244 kB
Γö£ Γùï /dashboard/notifications                    603 B          81.5 kB
Γö£ Γùï /dashboard/oos                              603 B          81.5 kB
Γö£ Γùï /dashboard/packaging                        5.66 kB         101 kB
Γö£ Γùï /dashboard/packaging/analytics              6.15 kB         331 kB
Γö£ Γùï /dashboard/packaging/material-master        11.7 kB         250 kB
Γö£ Γùï /dashboard/packaging/reviews                13.5 kB         251 kB
Γö£ Γùï /dashboard/packaging/vendor-review          7.72 kB         329 kB
Γö£ Γùï /dashboard/pqr                              5.43 kB         274 kB
Γö£ ╬╗ /dashboard/pqr/[id]                         5.06 kB         261 kB
Γö£ ╬╗ /dashboard/pqr/[id]/approval                8.95 kB         292 kB
Γö£ ╬╗ /dashboard/pqr/[id]/batches                 4.06 kB         260 kB
Γö£ ╬╗ /dashboard/pqr/[id]/batches/[batchid]/edit  4.34 kB         303 kB
Γö£ ╬╗ /dashboard/pqr/[id]/batches/create          4.82 kB         304 kB
Γö£ ╬╗ /dashboard/pqr/[id]/capa                    3.98 kB         260 kB
Γö£ ╬╗ /dashboard/pqr/[id]/change-control          3.86 kB         260 kB
Γö£ ╬╗ /dashboard/pqr/[id]/deviations              3.98 kB         260 kB
Γö£ ╬╗ /dashboard/pqr/[id]/edit                    4.63 kB         304 kB
Γö£ ╬╗ /dashboard/pqr/[id]/equipment               3.86 kB         260 kB
Γö£ ╬╗ /dashboard/pqr/[id]/materials               4.05 kB         260 kB
Γö£ ╬╗ /dashboard/pqr/[id]/materials/api           4.96 kB         189 kB
Γö£ ╬╗ /dashboard/pqr/[id]/materials/create        4.08 kB         185 kB
Γö£ ╬╗ /dashboard/pqr/[id]/materials/raw-material  5.08 kB         189 kB
Γö£ ╬╗ /dashboard/pqr/[id]/oos                     3.98 kB         260 kB
Γö£ ╬╗ /dashboard/pqr/[id]/packaging               3.88 kB         260 kB
Γö£ ╬╗ /dashboard/pqr/[id]/pdf                     5.28 kB         268 kB
Γö£ ╬╗ /dashboard/pqr/[id]/stability               3.99 kB         260 kB
Γö£ ╬╗ /dashboard/pqr/[id]/summary                 4.26 kB         288 kB
Γö£ ╬╗ /dashboard/pqr/[id]/trends                  4.48 kB         364 kB
Γö£ Γùï /dashboard/pqr/create                       7.28 kB         287 kB
Γö£ Γùï /dashboard/products                         12.2 kB         107 kB
Γö£ Γùï /dashboard/reports                          357 B          98.9 kB
Γö£ Γùï /dashboard/stability                        603 B          81.5 kB
Γö£ Γùï /dashboard/training                         603 B          81.5 kB
Γö£ Γùï /dashboard/users                            3.9 kB         92.1 kB
Γö£ Γùï /dashboard/vendors                          603 B          81.5 kB
Γö£ Γùï /dashboard/warehouse                        603 B          81.5 kB
Γö£ Γùï /icon.png                                   0 B                0 B
Γö£ ╬╗ /login                                      603 B          81.5 kB
Γö£ Γùï /notifications                              7.82 kB         234 kB
Γö£ ╬╗ /notifications/[id]                         7.37 kB         225 kB
Γö£ Γùï /pqr                                        209 B           398 kB
Γö£ ╬╗ /pqr/[id]                                   603 B          81.5 kB
Γö£ ╬╗ /pqr/[id]/approval                          18.6 kB         334 kB
Γö£ ╬╗ /pqr/[id]/batches                           603 B          81.5 kB
Γö£ ╬╗ /pqr/[id]/equipment-review                  406 B            99 kB
Γö£ ╬╗ /pqr/[id]/materials                         603 B          81.5 kB
Γö£ ╬╗ /pqr/[id]/packaging                         402 B            99 kB
Γö£ Γùï /pqr/approval                               226 B           350 kB
Γö£ Γùï /pqr/approval-workflow                      226 B           350 kB
Γö£ Γùï /pqr/batch-review                           223 B           420 kB
Γö£ Γùï /pqr/batches                                223 B           420 kB
Γö£ Γùï /pqr/conclusion                             230 B           455 kB
Γö£ Γùï /pqr/create                                 211 B           308 kB
Γö£ Γùï /pqr/create-annual-pqr                      209 B           308 kB
Γö£ Γùï /pqr/dashboard                              209 B           398 kB
Γö£ Γùï /pqr/environmental-review                   227 B           430 kB
Γö£ Γùï /pqr/equipment                              223 B           429 kB
Γö£ Γùï /pqr/equipment-review                       223 B           429 kB
Γö£ Γùï /pqr/final-review                           228 B           455 kB
Γö£ Γùï /pqr/material-review                        227 B           432 kB
Γö£ Γùï /pqr/materials                              225 B           432 kB
Γö£ Γùï /pqr/packaging                              229 B           435 kB
Γö£ Γùï /pqr/packaging-review                       228 B           435 kB
Γö£ Γùï /pqr/stability                              226 B           432 kB
Γö£ Γùï /pqr/stability-review                       226 B           432 kB
Γö£ Γùï /pqr/summary                                230 B           455 kB
Γö£ Γùï /pqr/summary-conclusion                     230 B           455 kB
Γö£ Γùï /pqr/utility-environmental-review           226 B           430 kB
Γö£ Γùï /pqr/utility-review                         227 B           430 kB
Γö£ Γùï /qms/audit                                  5.4 kB          390 kB
Γö£ ╬╗ /qms/audit/[id]                             676 B           319 kB
Γö£ ╬╗ /qms/audit/[id]/capa                        646 B           319 kB
Γö£ ╬╗ /qms/audit/[id]/checklist                   649 B           319 kB
Γö£ ╬╗ /qms/audit/[id]/findings                    651 B           319 kB
Γö£ Γùï /qms/audit/capa                             5.55 kB         248 kB
Γö£ Γùï /qms/audit/checklist                        7.11 kB         250 kB
Γö£ Γùï /qms/audit/create                           4.04 kB         301 kB
Γö£ Γùï /qms/audit/findings                         7.28 kB         250 kB
Γö£ Γùï /qms/audit/planner                          6.15 kB         310 kB
Γö£ Γùï /qms/audit/reports                          2.75 kB         353 kB
Γö£ Γùï /qms/capa                                   19.3 kB         423 kB
Γö£ ╬╗ /qms/capa/[id]                              8.64 kB         289 kB
Γö£ ╬╗ /qms/capa/[id]/approval                     603 B          81.5 kB
Γö£ ╬╗ /qms/capa/[id]/corrective-action            6 kB            324 kB
Γö£ ╬╗ /qms/capa/[id]/effectiveness                603 B          81.5 kB
Γö£ ╬╗ /qms/capa/[id]/implementation               603 B          81.5 kB
Γö£ ╬╗ /qms/capa/[id]/investigation                7.74 kB         319 kB
Γö£ Γùï /qms/capa/approval                          7.45 kB         244 kB
Γö£ Γùï /qms/capa/corrective-action                 7.97 kB         287 kB
Γö£ Γùï /qms/capa/create                            7.99 kB         311 kB
Γö£ Γùï /qms/capa/dashboard                         603 B          81.5 kB
Γö£ Γùï /qms/capa/effectiveness                     7.46 kB         244 kB
Γö£ Γùï /qms/capa/implementation                    7.45 kB         244 kB
Γö£ Γùï /qms/capa/investigation                     9.78 kB         282 kB
Γö£ Γùï /qms/capa/new                               603 B          81.5 kB
Γö£ Γùï /qms/capa/reports                           4.63 kB         262 kB
Γö£ Γùï /qms/change-control                         6.43 kB         394 kB
Γö£ ╬╗ /qms/change-control/[id]                    498 B           309 kB
Γö£ ╬╗ /qms/change-control/[id]/approval           485 B           309 kB
Γö£ ╬╗ /qms/change-control/[id]/impact-assessment  483 B           309 kB
Γö£ ╬╗ /qms/change-control/[id]/implementation     488 B           309 kB
Γö£ ╬╗ /qms/change-control/[id]/risk-assessment    482 B           309 kB
Γö£ Γùï /qms/change-control/approval                7.55 kB         238 kB
Γö£ Γùï /qms/change-control/create                  6.53 kB         292 kB
Γö£ Γùï /qms/change-control/effectiveness           7.53 kB         238 kB
Γö£ Γùï /qms/change-control/impact-assessment       7.51 kB         238 kB
Γö£ Γùï /qms/change-control/implementation          7.52 kB         238 kB
Γö£ Γùï /qms/change-control/reports                 3.89 kB         253 kB
Γö£ Γùï /qms/change-control/risk-assessment         7.51 kB         238 kB
Γö£ Γùï /qms/complaints                             8.76 kB         402 kB
Γö£ ╬╗ /qms/complaints/[id]                        483 B           291 kB
Γö£ ╬╗ /qms/complaints/[id]/capa                   474 B           291 kB
Γö£ ╬╗ /qms/complaints/[id]/investigation          479 B           291 kB
Γö£ Γùï /qms/complaints/create                      5.38 kB         301 kB
Γö£ Γùï /qms/complaints/reports                     5.74 kB         264 kB
Γö£ Γùï /qms/csv                                    8.21 kB         385 kB
Γö£ ╬╗ /qms/csv/[id]                               6.81 kB         315 kB
Γö£ Γùï /qms/csv/design-specification               579 B           312 kB
Γö£ Γùï /qms/csv/frs                                582 B           312 kB
Γö£ Γùï /qms/csv/gxp-assessment                     592 B           312 kB
Γö£ Γùï /qms/csv/iq                                 3.46 kB         315 kB
Γö£ Γùï /qms/csv/oq                                 3.38 kB         315 kB
Γö£ Γùï /qms/csv/part11                             590 B           312 kB
Γö£ Γùï /qms/csv/periodic-review                    601 B           312 kB
Γö£ Γùï /qms/csv/pq                                 3.38 kB         315 kB
Γö£ Γùï /qms/csv/risk-assessment                    595 B           312 kB
Γö£ Γùï /qms/csv/systems                            8.6 kB          313 kB
Γö£ Γùï /qms/csv/traceability-matrix                757 B           312 kB
Γö£ Γùï /qms/csv/urs                                602 B           312 kB
Γö£ Γùï /qms/csv/validation-report                  624 B           312 kB
Γö£ Γùï /qms/deviation                              218 B           398 kB
Γö£ ╬╗ /qms/deviation/[id]                         8.58 kB         324 kB
Γö£ ╬╗ /qms/deviation/[id]/approval                11.9 kB         307 kB
Γö£ ╬╗ /qms/deviation/[id]/audit-trail             211 B           291 kB
Γö£ ╬╗ /qms/deviation/[id]/capa                    9.96 kB         329 kB
Γö£ ╬╗ /qms/deviation/[id]/closure                 18.4 kB         325 kB
Γö£ ╬╗ /qms/deviation/[id]/impact-assessment       8.6 kB          319 kB
Γö£ ╬╗ /qms/deviation/[id]/investigation           8.71 kB         319 kB
Γö£ Γùï /qms/deviation/analytics                    603 B          81.5 kB
Γö£ Γùï /qms/deviation/approval                     5.04 kB         317 kB
Γö£ Γùï /qms/deviation/audit-trail                  211 B           291 kB
Γö£ Γùï /qms/deviation/capa-link                    9.21 kB         287 kB
Γö£ Γùï /qms/deviation/closure                      15.9 kB         310 kB
Γö£ Γùï /qms/deviation/create                       217 B           319 kB
Γö£ Γùï /qms/deviation/dashboard                    218 B           398 kB
Γö£ Γùï /qms/deviation/impact-assessment            7.4 kB          276 kB
Γö£ Γùï /qms/deviation/investigation                7.27 kB         276 kB
Γö£ Γùï /qms/deviation/new                          217 B           319 kB
Γö£ Γùï /qms/deviation/reports                      13.4 kB         418 kB
Γö£ Γùï /qms/deviation/trend-analysis               9.56 kB         415 kB
Γö£ Γùï /qms/deviation/trends                       604 B          81.5 kB
Γö£ Γùï /qms/dms                                    4.39 kB         378 kB
Γö£ ╬╗ /qms/dms/[id]                               671 B           305 kB
Γö£ ╬╗ /qms/dms/[id]/review                        677 B           305 kB
Γö£ ╬╗ /qms/dms/[id]/revision                      675 B           305 kB
Γö£ Γùï /qms/dms/create                             4.1 kB          290 kB
Γö£ Γùï /qms/dms/effective                          7 kB            238 kB
Γö£ Γùï /qms/dms/library                            7.08 kB         265 kB
Γö£ Γùï /qms/dms/obsolete                           6.97 kB         238 kB
Γö£ Γùï /qms/dms/reports                            5.99 kB         341 kB
Γö£ Γùï /qms/dms/review                             7 kB            238 kB
Γö£ Γùï /qms/dms/revisions                          6.99 kB         238 kB
Γö£ Γùï /qms/ebmr                                   10 kB           396 kB
Γö£ ╬╗ /qms/ebmr/[id]                              499 B           335 kB
Γö£ ╬╗ /qms/ebmr/[id]/cpp                          1.25 kB         335 kB
Γö£ ╬╗ /qms/ebmr/[id]/dispensing                   1.25 kB         335 kB
Γö£ ╬╗ /qms/ebmr/[id]/equipment                    1.25 kB         335 kB
Γö£ ╬╗ /qms/ebmr/[id]/ipc                          1.25 kB         335 kB
Γö£ ╬╗ /qms/ebmr/[id]/line-clearance               1.25 kB         335 kB
Γö£ ╬╗ /qms/ebmr/[id]/manufacturing                1.25 kB         335 kB
Γö£ ╬╗ /qms/ebmr/[id]/release                      1.25 kB         335 kB
Γö£ ╬╗ /qms/ebmr/[id]/review                       1.25 kB         335 kB
Γö£ Γùï /qms/ebmr/create                            5 kB            287 kB
Γö£ Γùï /qms/ebmr/reports                           6.51 kB         251 kB
Γö£ Γùï /qms/equipment                              3.88 kB         385 kB
Γö£ ╬╗ /qms/equipment/[id]                         7.51 kB         314 kB
Γö£ Γùï /qms/equipment/breakdown                    662 B           310 kB
Γö£ Γùï /qms/equipment/calibration-records          2.54 kB         312 kB
Γö£ Γùï /qms/equipment/calibration-schedule         5.43 kB         272 kB
Γö£ Γùï /qms/equipment/master                       7.67 kB         311 kB
Γö£ Γùï /qms/equipment/preventive-maintenance       2.52 kB         312 kB
Γö£ Γùï /qms/equipment/reports                      2.82 kB         349 kB
Γö£ Γùï /qms/equipment/status                       5.57 kB         272 kB
Γö£ Γùï /qms/monitoring                             6.65 kB         385 kB
Γö£ ╬╗ /qms/monitoring/[id]                        10.1 kB         423 kB
Γö£ Γùï /qms/monitoring/area-master                 9.12 kB         311 kB
Γö£ Γùï /qms/monitoring/environmental               699 B           311 kB
Γö£ Γùï /qms/monitoring/excursions                  7.33 kB         253 kB
Γö£ Γùï /qms/monitoring/reports                     6.75 kB         348 kB
Γö£ Γùï /qms/monitoring/trends                      5.67 kB         354 kB
Γö£ Γùï /qms/monitoring/utility                     718 B           311 kB
Γö£ Γùï /qms/oos                                    11.8 kB         408 kB
Γö£ ╬╗ /qms/oos/[id]                               11.5 kB         329 kB
Γö£ ╬╗ /qms/oos/[id]/approval                      12.4 kB         312 kB
Γö£ ╬╗ /qms/oos/[id]/audit-trail                   210 B           299 kB
Γö£ ╬╗ /qms/oos/[id]/capa                          7.09 kB         332 kB
Γö£ ╬╗ /qms/oos/[id]/closure                       11.9 kB         324 kB
Γö£ ╬╗ /qms/oos/[id]/impact-assessment             8.09 kB         324 kB
Γö£ ╬╗ /qms/oos/[id]/phase1                        7.84 kB         324 kB
Γö£ ╬╗ /qms/oos/[id]/phase2                        8.15 kB         324 kB
Γö£ Γùï /qms/oos/analytics                          603 B          81.5 kB
Γö£ Γùï /qms/oos/approval                           5.46 kB         322 kB
Γö£ Γùï /qms/oos/audit-trail                        210 B           299 kB
Γö£ Γùï /qms/oos/capa-management                    9.38 kB         291 kB
Γö£ Γùï /qms/oos/closure                            7.62 kB         316 kB
Γö£ Γùï /qms/oos/create                             9.62 kB         318 kB
Γö£ Γùï /qms/oos/dashboard                          603 B          81.5 kB
Γö£ Γùï /qms/oos/impact-assessment                  9.15 kB         279 kB
Γö£ Γùï /qms/oos/new                                603 B          81.5 kB
Γö£ Γùï /qms/oos/phase1                             9.1 kB          278 kB
Γö£ Γùï /qms/oos/phase2                             9.14 kB         279 kB
Γö£ Γùï /qms/oos/reports                            14.1 kB         426 kB
Γö£ Γùï /qms/oos/trend-analysis                     15.3 kB         420 kB
Γö£ Γùï /qms/oos/trends                             603 B          81.5 kB
Γö£ Γùï /qms/recall                                 9.28 kB         402 kB
Γö£ ╬╗ /qms/recall/[id]                            8.26 kB         290 kB
Γö£ Γùï /qms/recall/create                          5.77 kB         301 kB
Γö£ Γùï /qms/recall/reports                         6.34 kB         264 kB
Γö£ Γùï /qms/stability                              9.33 kB         409 kB
Γö£ ╬╗ /qms/stability/[id]                         513 B           428 kB
Γö£ ╬╗ /qms/stability/[id]/approval                502 B           428 kB
Γö£ ╬╗ /qms/stability/[id]/results                 500 B           428 kB
Γö£ ╬╗ /qms/stability/[id]/sample-pulling          501 B           428 kB
Γö£ ╬╗ /qms/stability/[id]/schedule                501 B           428 kB
Γö£ ╬╗ /qms/stability/[id]/trends                  500 B           428 kB
Γö£ Γùï /qms/stability/create                       4.17 kB         307 kB
Γö£ Γùï /qms/stability/reports                      3.89 kB         285 kB
Γö£ Γùï /qms/stability/results                      6.96 kB         268 kB
Γö£ Γùï /qms/stability/sample-pulling               6.95 kB         268 kB
Γö£ Γùï /qms/stability/schedule                     6.96 kB         268 kB
Γö£ Γùï /qms/stability/trends                       6.96 kB         268 kB
Γö£ Γùï /qms/training                               4.32 kB         378 kB
Γö£ Γùï /qms/training/assignments                   8.38 kB         301 kB
Γö£ Γùï /qms/training/competency                    4.34 kB         290 kB
Γö£ Γùï /qms/training/effectiveness                 6.06 kB         299 kB
Γö£ Γùï /qms/training/matrix                        7.03 kB         238 kB
Γö£ Γùï /qms/training/reports                       6.34 kB         341 kB
Γö£ Γùï /qms/training/schedule                      5.32 kB         236 kB
Γö£ Γùï /qms/validation                             6.26 kB         397 kB
Γö£ ╬╗ /qms/validation/[id]                        9.59 kB         328 kB
Γö£ Γùï /qms/validation/cleaning-validation         2.93 kB         323 kB
Γö£ Γùï /qms/validation/csv                         2.95 kB         323 kB
Γö£ Γùï /qms/validation/dq                          2.94 kB         323 kB
Γö£ Γùï /qms/validation/iq                          2.94 kB         323 kB
Γö£ Γùï /qms/validation/method-validation           2.93 kB         323 kB
Γö£ Γùï /qms/validation/oq                          2.94 kB         323 kB
Γö£ Γùï /qms/validation/pq                          2.94 kB         323 kB
Γö£ Γùï /qms/validation/process-validation          2.94 kB         323 kB
Γö£ Γùï /qms/validation/reports                     2.79 kB         359 kB
Γö£ Γùï /qms/validation/vmp                         2.95 kB         323 kB
Γö£ Γùï /qms/vendors                                5.69 kB         379 kB
Γö£ ╬╗ /qms/vendors/[id]                           6.81 kB         308 kB
Γö£ Γùï /qms/vendors/audit                          10.4 kB         295 kB
Γö£ Γùï /qms/vendors/avl                            10.4 kB         295 kB
Γö£ Γùï /qms/vendors/master                         7.32 kB         305 kB
Γö£ Γùï /qms/vendors/performance                    11.4 kB         303 kB
Γö£ Γùï /qms/vendors/qualification                  12.1 kB         304 kB
Γö£ Γùï /qms/vendors/reports                        3 kB            342 kB
Γö£ Γùï /qms/vendors/technical-agreement            9.46 kB         295 kB
Γö£ Γùï /qms/warehouse                              3.2 kB          384 kB
Γö£ Γùï /qms/warehouse/dispensing                   696 B           311 kB
Γö£ Γùï /qms/warehouse/finished-goods               673 B           311 kB
Γö£ Γùï /qms/warehouse/inventory                    5.14 kB         271 kB
Γö£ Γùï /qms/warehouse/quarantine                   6.08 kB         242 kB
Γö£ Γùï /qms/warehouse/receipt                      725 B           311 kB
Γö£ Γùï /qms/warehouse/release                      676 B           311 kB
Γö£ Γùï /qms/warehouse/reports                      1.42 kB         348 kB
Γö£ Γùï /qms/warehouse/sampling                     653 B           311 kB
Γöö Γùï /qms/warehouse/traceability                 8.77 kB         236 kB
+ First Load JS shared by all                   80.9 kB
  Γö£ chunks/67864-e3bf2cc3aa723db3.js            26.6 kB
  Γö£ chunks/fd9d1056-e7df9fecea4a301a.js         50.9 kB
  Γö£ chunks/main-app-a84b853884a603e1.js         230 B
  Γöö chunks/webpack-87655ca6cc8ea7ff.js          3.15 kB


╞Æ Middleware                                    30.7 kB

╬╗  (Server)  server-side renders at runtime (uses getInitialProps or getServerSideProps)
Γùï  (Static)  automatically rendered as static HTML (uses no initial props)

